new right bar foo done
new down bar done
new down baz done
