new right foo done
new down bar yip done
new down baz done
