new right foo done
new down bar done
new down baz done
