new right foo oof goo done
new down bar rab done
new down baz zab done
