new right foo oof done
new down bar rab done
new down bar zab done
