new right foo oof done
new down bar rab extra done
new down baz zab done
