new right one extra done
new down one two three done
new down one two done
new in five done
new down done
new in six extra done
new down six done
new down six seven eight done
new down six seven done
out
new down fifty done
out
new down one two done
