new right foo oof done
new down literal literal literal done rab done
new down baz zab done
