new right done
new down foo done
new down done
new down one extra done
new down foo oof done
new down one nope done
new down one two done
new down done
new down nope done
new down one oof done
new down one two bar done
new down one two done
new down one two fly done
new down one two three more done
new down one two three hi done
new down one two three done
new down one two three bad done
