new right one six done
new down two done
new in three done
new in four done
new down five done
out
out
