new right one done
new down two done
new down three done
new down four done
