new right one two three done
new down four five six done
new down seven eight done
