new right one done
new down two three done
new down four literal pause resume five done
