new right 1 2 0 -1 -2 done
new down 123 -123 900 -900 done
new down 9223372036854775807 done
new down -9223372036854775808 done
new down 999999999999999999 done
new down -999999999999999999 done
new down 9223372036854775806 done
new down -9223372036854775807 done
