new right done
new in one done
new down two done
out
