new right one done
new in subone done
out
new down two done
