new right one done
new in subone done
new in subsubone done
out
out
new down two done
