new right one done
new in subone done
new in subsubonea done
new down subsuboneb done
out
out
