new right one done
new in subone done
new in subsubone done
out
new down subtwo done
out
new down two done
