new right one done
new down two done
new in subtwoa done
new in subsubtwo done
out
new down subtwob done
new in subsubtwob done
out
out
