new right one done
new in subonea done
new down suboneb done
out
